[2026-08-10T09:33:23+02:00] simpan_koreksi oleh test — [{"nId":"2","cNoSc":"SLC\/2607\/01151","nQtyPc":1,"cKelompok":"BOX","total_koreksi_sc":1}]
[2026-08-10T09:33:32+02:00] Refresh manual selesai dalam 2.1 detik
[2026-08-10T09:35:22+02:00] simpan_koreksi oleh test — [{"nId":"3","cNoSc":"SLC\/2607\/01151","nQtyPc":-1,"cKelompok":"BOX","total_koreksi_sc":0}]
[2026-08-10T09:35:26+02:00] Refresh manual selesai dalam 1.6 detik
[2026-08-10T09:44:16+02:00] Refresh manual selesai dalam 1.7 detik
[2026-08-10T10:48:09+02:00] Refresh manual selesai dalam 1.9 detik
[2026-08-10T10:49:39+02:00] simpan_koreksi oleh Ulum — [{"nId":"4","cNoSc":"SLC\/2607\/00242","nQtyPc":-1,"cKelompok":"BOX","total_koreksi_sc":-1}]
[2026-08-10T10:49:57+02:00] Refresh manual selesai dalam 1.7 detik
[2026-08-11T02:59:10+02:00] Refresh manual selesai dalam 2.5 detik
[2026-08-11T03:01:04+02:00] Refresh manual selesai dalam 1.7 detik
[2026-08-11T03:11:51+02:00] Refresh manual selesai dalam 1.6 detik
[2026-08-11T07:01:43+02:00] Refresh manual selesai dalam 1.7 detik
[2026-08-11T10:18:32+02:00] Refresh manual selesai dalam 1.8 detik
[2026-08-11T10:20:20+02:00] Refresh manual selesai dalam 1.5 detik
[2026-08-12T05:34:48+02:00] Refresh manual selesai dalam 1.5 detik
[2026-08-12T07:54:40+02:00] simpan_koreksi oleh test — [{"nId":"5","cNoSc":"SLC\/2608\/00117","nQtyPc":-1,"cKelompok":"BOX","total_koreksi_sc":-1}]
[2026-08-12T07:54:43+02:00] Refresh manual selesai dalam 1.6 detik
[2026-08-12T07:54:59+02:00] simpan_koreksi oleh testtest — [{"nId":"6","cNoSc":"SLC\/2608\/00117","nQtyPc":1,"cKelompok":"BOX","total_koreksi_sc":0}]
[2026-08-12T07:55:06+02:00] Refresh manual selesai dalam 1.7 detik
[2026-08-12T10:38:11+02:00] Refresh manual selesai dalam 1.5 detik
[2026-08-21T09:54:50+02:00] Refresh manual selesai dalam 1.5 detik
